/apps/applications/Miniconda/25.11.1/envs/pytorch_2.9.1_cuda13/lib/python3.14/site-packages/torch/cuda/__init__.py:63: FutureWarning: The pynvml package is deprecated. Please install nvidia-ml-py instead. If you did not install pynvml directly, please report this to the maintainers of the package that installed pynvml for you.
  import pynvml  # type: ignore[import]
Traceback (most recent call last):
  File "<frozen runpy>", line 198, in _run_module_as_main
  File "<frozen runpy>", line 88, in _run_code
  File "/scratch/ehmoon/whlee/sglang_engine_dev/python/sglang/bench_serving.py", line 2352, in <module>
    run_benchmark(args)
    ~~~~~~~~~~~~~^^^^^^
  File "/scratch/ehmoon/whlee/sglang_engine_dev/python/sglang/bench_serving.py", line 1865, in run_benchmark
    return asyncio.run(
           ~~~~~~~~~~~^
        benchmark(
        ^^^^^^^^^^
    ...<22 lines>...
        )
        ^
    )
    ^
  File "/apps/applications/Miniconda/25.11.1/envs/pytorch_2.9.1_cuda13/lib/python3.14/asyncio/runners.py", line 204, in run
    return runner.run(main)
           ~~~~~~~~~~^^^^^^
  File "/apps/applications/Miniconda/25.11.1/envs/pytorch_2.9.1_cuda13/lib/python3.14/asyncio/runners.py", line 127, in run
    return self._loop.run_until_complete(task)
           ~~~~~~~~~~~~~~~~~~~~~~~~~~~~~^^^^^^
  File "/apps/applications/Miniconda/25.11.1/envs/pytorch_2.9.1_cuda13/lib/python3.14/asyncio/base_events.py", line 719, in run_until_complete
    return future.result()
           ~~~~~~~~~~~~~^^
  File "/scratch/ehmoon/whlee/sglang_engine_dev/python/sglang/bench_serving.py", line 1275, in benchmark
    raise ValueError(
    ...<2 lines>...
    )
ValueError: Warmup failed - Please make sure benchmark arguments are correctly specified. Error: Traceback (most recent call last):
  File "/home01/ehmoon/.local/lib/python3.14/site-packages/aiohttp/client_proto.py", line 144, in connection_lost
    uncompleted = self._parser.feed_eof()
  File "aiohttp/_http_parser.pyx", line 506, in aiohttp._http_parser.HttpParser.feed_eof
aiohttp.http_exceptions.TransferEncodingError: 400, message:
  Not enough data to satisfy transfer length header.

The above exception was the direct cause of the following exception:

Traceback (most recent call last):
  File "/scratch/ehmoon/whlee/sglang_engine_dev/python/sglang/bench_serving.py", line 648, in async_request_sglang_generate
    async for chunk_bytes in response.content:
    ...<34 lines>...
                last_output_len = output_len
  File "/home01/ehmoon/.local/lib/python3.14/site-packages/aiohttp/streams.py", line 52, in __anext__
    rv = await self.read_func()
         ^^^^^^^^^^^^^^^^^^^^^^
  File "/home01/ehmoon/.local/lib/python3.14/site-packages/aiohttp/streams.py", line 376, in readline
    return await self.readuntil()
           ^^^^^^^^^^^^^^^^^^^^^^
  File "/home01/ehmoon/.local/lib/python3.14/site-packages/aiohttp/streams.py", line 410, in readuntil
    await self._wait("readuntil")
  File "/home01/ehmoon/.local/lib/python3.14/site-packages/aiohttp/streams.py", line 371, in _wait
    await waiter
aiohttp.client_exceptions.ClientPayloadError: Response payload is not completed: <TransferEncodingError: 400, message='Not enough data to satisfy transfer length header.'>

/apps/applications/Miniconda/25.11.1/envs/pytorch_2.9.1_cuda13/lib/python3.14/site-packages/torch/cuda/__init__.py:63: FutureWarning: The pynvml package is deprecated. Please install nvidia-ml-py instead. If you did not install pynvml directly, please report this to the maintainers of the package that installed pynvml for you.
  import pynvml  # type: ignore[import]
/apps/applications/Miniconda/25.11.1/envs/pytorch_2.9.1_cuda13/lib/python3.14/site-packages/torch/cuda/__init__.py:63: FutureWarning: The pynvml package is deprecated. Please install nvidia-ml-py instead. If you did not install pynvml directly, please report this to the maintainers of the package that installed pynvml for you.
  import pynvml  # type: ignore[import]
/apps/applications/Miniconda/25.11.1/envs/pytorch_2.9.1_cuda13/lib/python3.14/site-packages/torch/cuda/__init__.py:63: FutureWarning: The pynvml package is deprecated. Please install nvidia-ml-py instead. If you did not install pynvml directly, please report this to the maintainers of the package that installed pynvml for you.
  import pynvml  # type: ignore[import]
/apps/applications/Miniconda/25.11.1/envs/pytorch_2.9.1_cuda13/lib/python3.14/site-packages/torch/cuda/__init__.py:63: FutureWarning: The pynvml package is deprecated. Please install nvidia-ml-py instead. If you did not install pynvml directly, please report this to the maintainers of the package that installed pynvml for you.
  import pynvml  # type: ignore[import]
/apps/applications/Miniconda/25.11.1/envs/pytorch_2.9.1_cuda13/lib/python3.14/site-packages/torch/cuda/__init__.py:63: FutureWarning: The pynvml package is deprecated. Please install nvidia-ml-py instead. If you did not install pynvml directly, please report this to the maintainers of the package that installed pynvml for you.
  import pynvml  # type: ignore[import]
