/apps/applications/Miniconda/25.11.1/envs/pytorch_2.9.1_cuda13/lib/python3.14/site-packages/torch/cuda/__init__.py:63: FutureWarning: The pynvml package is deprecated. Please install nvidia-ml-py instead. If you did not install pynvml directly, please report this to the maintainers of the package that installed pynvml for you.
  import pynvml  # type: ignore[import]
benchmark_args=Namespace(backend='sglang', base_url=None, host='127.0.0.1', port=47754, ready_check_timeout_sec=60, dataset_name='random', dataset_path='/scratch/ehmoon/whlee/prefill-layer-alloc/hf_cache/raw/ShareGPT_V3_unfiltered_cleaned_split.json', model='nvidia/NVIDIA-Nemotron-Nano-9B-v2-Base', served_model_name=None, tokenizer=None, num_prompts=8, sharegpt_output_len=None, sharegpt_context_len=None, random_input_len=256, random_output_len=512, random_range_ratio=1.0, image_count=1, image_resolution='1080p', random_image_count=False, image_format='jpeg', image_content='random', request_rate=inf, use_trace_timestamps=False, max_concurrency=1, output_file='/scratch/ehmoon/whlee/prefill-layer-alloc/workspace/engine-port/results/r2_correctness/job_907959/instrument/I2_shapeA_conc1.jsonl', output_details=True, print_requests=False, disable_tqdm=False, disable_stream=False, return_logprob=False, top_logprobs_num=0, token_ids_logprob=None, logprob_start_len=-1, return_routed_experts=False, seed=7, disable_ignore_eos=False, extra_request_body=None, apply_chat_template=False, profile=False, plot_throughput=False, profile_activities=['CPU', 'GPU'], profile_start_step=None, profile_steps=None, profile_num_steps=None, profile_by_stage=False, profile_stages=None, profile_output_dir=None, profile_prefix=None, lora_name=None, lora_request_distribution='uniform', lora_zipf_alpha=1.5, prompt_suffix='', pd_separated=False, profile_prefill_url=None, profile_decode_url=None, flush_cache=False, warmup_requests=1, tokenize_prompt=True, gsp_num_groups=64, gsp_prompts_per_group=16, gsp_system_prompt_len=2048, gsp_question_len=128, gsp_output_len=256, gsp_range_ratio=1.0, gsp_fast_prepare=False, gsp_send_routing_key=False, gsp_num_turns=1, gsp_ordered=False, mooncake_slowdown_factor=1.0, mooncake_num_rounds=1, mooncake_workload='conversation', tag=None, header=None)
Waiting up to 60s for http://127.0.0.1:47754/v1/models to become ready...
Server ready in 0.0s.

WARNING It is recommended to use the `Chat` or `Instruct` model for benchmarking.
Because when the tokenizer counts the output tokens, if there is gibberish, it might count incorrectly.

Namespace(backend='sglang', base_url=None, host='127.0.0.1', port=47754, ready_check_timeout_sec=60, dataset_name='random', dataset_path='/scratch/ehmoon/whlee/prefill-layer-alloc/hf_cache/raw/ShareGPT_V3_unfiltered_cleaned_split.json', model='nvidia/NVIDIA-Nemotron-Nano-9B-v2-Base', served_model_name=None, tokenizer=None, num_prompts=8, sharegpt_output_len=None, sharegpt_context_len=None, random_input_len=256, random_output_len=512, random_range_ratio=1.0, image_count=1, image_resolution='1080p', random_image_count=False, image_format='jpeg', image_content='random', request_rate=inf, use_trace_timestamps=False, max_concurrency=1, output_file='/scratch/ehmoon/whlee/prefill-layer-alloc/workspace/engine-port/results/r2_correctness/job_907959/instrument/I2_shapeA_conc1.jsonl', output_details=True, print_requests=False, disable_tqdm=False, disable_stream=False, return_logprob=False, top_logprobs_num=0, token_ids_logprob=None, logprob_start_len=-1, return_routed_experts=False, seed=7, disable_ignore_eos=False, extra_request_body=None, apply_chat_template=False, profile=False, plot_throughput=False, profile_activities=['CPU', 'GPU'], profile_start_step=None, profile_steps=None, profile_num_steps=None, profile_by_stage=False, profile_stages=None, profile_output_dir=None, profile_prefix=None, lora_name=None, lora_request_distribution='uniform', lora_zipf_alpha=1.5, prompt_suffix='', pd_separated=False, profile_prefill_url=None, profile_decode_url=None, flush_cache=False, warmup_requests=1, tokenize_prompt=True, gsp_num_groups=64, gsp_prompts_per_group=16, gsp_system_prompt_len=2048, gsp_question_len=128, gsp_output_len=256, gsp_range_ratio=1.0, gsp_fast_prepare=False, gsp_send_routing_key=False, gsp_num_turns=1, gsp_ordered=False, mooncake_slowdown_factor=1.0, mooncake_num_rounds=1, mooncake_workload='conversation', tag=None, header=None)

#Input tokens: 2048
#Output tokens: 4096
Starting warmup with 1 sequences...
Warmup completed with 1 sequences. Starting main benchmark run...
  0%|          | 0/8 [00:00<?, ?it/s]/apps/applications/Miniconda/25.11.1/envs/pytorch_2.9.1_cuda13/lib/python3.14/site-packages/torch/cuda/__init__.py:63: FutureWarning: The pynvml package is deprecated. Please install nvidia-ml-py instead. If you did not install pynvml directly, please report this to the maintainers of the package that installed pynvml for you.
  import pynvml  # type: ignore[import]
 12%|█▎        | 1/8 [00:06<00:47,  6.73s/it] 25%|██▌       | 2/8 [00:14<00:43,  7.23s/it] 38%|███▊      | 3/8 [00:20<00:34,  6.98s/it] 50%|█████     | 4/8 [00:27<00:27,  6.86s/it] 62%|██████▎   | 5/8 [00:34<00:20,  6.79s/it] 75%|███████▌  | 6/8 [00:40<00:13,  6.75s/it] 88%|████████▊ | 7/8 [00:47<00:06,  6.74s/it]100%|██████████| 8/8 [00:54<00:00,  6.71s/it]100%|██████████| 8/8 [00:54<00:00,  6.80s/it]

============ Serving Benchmark Result ============
Backend:                                 sglang    
Traffic request rate:                    inf       
Max request concurrency:                 1         
Successful requests:                     8         
Benchmark duration (s):                  54.52     
Total input tokens:                      2048      
Total input text tokens:                 2048      
Total generated tokens:                  4096      
Total generated tokens (retokenized):    3957      
Request throughput (req/s):              0.15      
Input token throughput (tok/s):          37.56     
Output token throughput (tok/s):         75.13     
Peak output token throughput (tok/s):    78.00     
Peak concurrent requests:                2         
Total token throughput (tok/s):          112.69    
Concurrency:                             1.00      
----------------End-to-End Latency----------------
Mean E2E Latency (ms):                   6796.18   
Median E2E Latency (ms):                 6669.74   
P90 E2E Latency (ms):                    6987.80   
P99 E2E Latency (ms):                    7526.96   
---------------Time to First Token----------------
Mean TTFT (ms):                          43.03     
Median TTFT (ms):                        42.57     
P99 TTFT (ms):                           44.48     
-----Time per Output Token (excl. 1st token)------
Mean TPOT (ms):                          13.22     
Median TPOT (ms):                        12.97     
P99 TPOT (ms):                           14.64     
---------------Inter-Token Latency----------------
Mean ITL (ms):                           13.22     
Median ITL (ms):                         12.96     
P95 ITL (ms):                            13.05     
P99 ITL (ms):                            13.25     
Max ITL (ms):                            929.91    
==================================================
