
========================================================================================================
(G) global ITL perturbation -- how far does X_tau move if the engine is e%% slower?
========================================================================================================
all recorded ITLs scaled by (1+e); X recomputed; entry = mean over 5 reps of X(A4).
delta = 0.05 is the equivalence margin the prereg wants to defend.

--- tau = 40 ms
cell               e=-3%     e=-1%     e=+0%     e=+1%     e=+3% |  |dX| @1%  |dX| @3%  vs delta(1%)  vs delta(3%)
Zamba2 r2         0.0438    0.0438    0.0438    0.0438    0.0471 |    0.0000    0.0033         0.00x         0.07x
Zamba2 r3         0.1636    0.1653    0.1703    0.1736    0.2003 |    0.0050    0.0300         0.10x         0.60x
Granite r3        0.0333    0.0583    0.0633    0.0633    0.0767 |    0.0050    0.0300         0.10x         0.60x
Granite r4        0.0233    0.0400    0.0417    0.0500    0.0617 |    0.0083    0.0200         0.17x         0.40x
Granite r6        0.0383    0.0517    0.0517    0.0517    0.0750 |    0.0000    0.0233         0.00x         0.47x

--- tau = 45 ms
cell               e=-3%     e=-1%     e=+0%     e=+1%     e=+3% |  |dX| @1%  |dX| @3%  vs delta(1%)  vs delta(3%)
Zamba2 r2         0.0438    0.0438    0.0438    0.0438    0.0438 |    0.0000    0.0000         0.00x         0.00x
Zamba2 r3         0.0984    0.0984    0.0984    0.1169    0.1169 |    0.0185    0.0185         0.37x         0.37x
Granite r3        0.0100    0.0100    0.0100    0.0100    0.0100 |    0.0000    0.0000         0.00x         0.00x
Granite r4        0.0233    0.0233    0.0233    0.0233    0.0233 |    0.0000    0.0000         0.00x         0.00x
Granite r6        0.0233    0.0233    0.0233    0.0233    0.0233 |    0.0000    0.0000         0.00x         0.00x

--- tau = 50 ms
cell               e=-3%     e=-1%     e=+0%     e=+1%     e=+3% |  |dX| @1%  |dX| @3%  vs delta(1%)  vs delta(3%)
Zamba2 r2         0.0421    0.0421    0.0421    0.0421    0.0421 |    0.0000    0.0000         0.00x         0.00x
Zamba2 r3         0.0601    0.0618    0.0618    0.0618    0.0618 |    0.0000    0.0017         0.00x         0.03x
Granite r3        0.0100    0.0100    0.0100    0.0100    0.0100 |    0.0000    0.0000         0.00x         0.00x
Granite r4        0.0167    0.0167    0.0167    0.0167    0.0233 |    0.0000    0.0067         0.00x         0.13x
Granite r6        0.0133    0.0133    0.0133    0.0133    0.0133 |    0.0000    0.0000         0.00x         0.00x

--- tau = 60 ms
cell               e=-3%     e=-1%     e=+0%     e=+1%     e=+3% |  |dX| @1%  |dX| @3%  vs delta(1%)  vs delta(3%)
Zamba2 r2         0.0370    0.0370    0.0370    0.0370    0.0370 |    0.0000    0.0000         0.00x         0.00x
Zamba2 r3         0.0151    0.0151    0.0151    0.0151    0.0151 |    0.0000    0.0000         0.00x         0.00x
Granite r3        0.0100    0.0100    0.0100    0.0100    0.0100 |    0.0000    0.0000         0.00x         0.00x
Granite r4        0.0167    0.0167    0.0167    0.0167    0.0167 |    0.0000    0.0000         0.00x         0.00x
Granite r6        0.0133    0.0133    0.0133    0.0133    0.0133 |    0.0000    0.0000         0.00x         0.00x

A1 (plain) for contrast, tau=40:
Zamba2 r2         0.8365    0.8365    0.8365    0.8365    0.8365 | |dX|@3% = 0.0000
Zamba2 r3         0.9449    0.9449    0.9449    0.9449    0.9449 | |dX|@3% = 0.0000
Granite r3        0.8667    0.8667    0.8667    0.8667    0.8667 | |dX|@3% = 0.0000
Granite r4        0.9500    0.9500    0.9500    0.9500    0.9500 | |dX|@3% = 0.0000
Granite r6        0.9833    0.9833    0.9833    0.9833    0.9833 | |dX|@3% = 0.0000

========================================================================================================
(H) what delta = 0.05 buys on four scales, per tau
========================================================================================================
cell            tau   X(A4)     gap |   d/gap  d/X(A4)  p(A4) ppm  p(A4+d) ppm  rel. token
Zamba2 r2        40  0.0438  0.7927 |   0.063     1.14      472.4       1038.5       2.20x
Zamba2 r2        45  0.0438  0.7927 |   0.063     1.14      472.4       1038.5       2.20x
Zamba2 r2        50  0.0421  0.7927 |   0.063     1.19      453.7       1018.8       2.25x
Zamba2 r2        60  0.0370  0.7978 |   0.063     1.35      397.9        960.0       2.41x

Zamba2 r3        40  0.1703  0.7747 |   0.065     0.29     1967.3       2621.5       1.33x
Zamba2 r3        45  0.0984  0.8465 |   0.059     0.51     1092.8       1693.9       1.55x
Zamba2 r3        50  0.0618  0.8832 |   0.057     0.81      672.6       1249.8       1.86x
Zamba2 r3        60  0.0151  0.9298 |   0.054     3.31      160.5        709.9       4.42x

Granite r3       40  0.0633  0.8033 |   0.062     0.79      688.7       1265.8       1.84x
Granite r3       45  0.0100  0.8567 |   0.058     5.00      105.8        651.3       6.15x
Granite r3       50  0.0100  0.8567 |   0.058     5.00      105.8        651.3       6.15x
Granite r3       60  0.0100  0.8483 |   0.059     5.00      105.8        651.3       6.15x

Granite r4       40  0.0417  0.9083 |   0.055     1.20      448.0       1011.8       2.26x
Granite r4       45  0.0233  0.9267 |   0.054     2.14      248.6        801.6       3.22x
Granite r4       50  0.0167  0.9333 |   0.054     3.00      176.9        726.2       4.10x
Granite r4       60  0.0167  0.9333 |   0.054     3.00      176.9        726.2       4.10x

Granite r6       40  0.0517  0.9317 |   0.054     0.97      558.4       1128.2       2.02x
Granite r6       45  0.0233  0.9600 |   0.052     2.14      248.6        801.6       3.22x
Granite r6       50  0.0133  0.9700 |   0.052     3.75      141.3        688.7       4.87x
Granite r6       60  0.0133  0.9700 |   0.052     3.75      141.3        688.7       4.87x


========================================================================================================
(I) required n at tau=40 -- unadjusted and Holm-adjusted, target power 0.80 at gap 0
========================================================================================================
Holm over 4 replication cells: worst step alpha = 0.05/4 = 0.0125 per side.
cell             sigma  n80 a=.05  n80 a=.025  n80 a=.0125  n90 a=.05
Zamba2 r2       0.0436          9          11           13         10
Zamba2 r3       0.1815        115         141          166        145
Granite r3      0.0587         14          17           20         17
Granite r4      0.0382          7           9           10          8
Granite r6      0.0669         17          21           25         21

same at tau=60 (the threshold the power criterion prefers):
Zamba2 r2       0.0345 n80(a=.05)=   6 n80(a=.0125)=   9
Zamba2 r3       0.0360 n80(a=.05)=   7 n80(a=.0125)=  10
Granite r3      0.0194 n80(a=.05)=   4 n80(a=.0125)=   5
Granite r4      0.0323 n80(a=.05)=   6 n80(a=.0125)=   8
Granite r6      0.0271 n80(a=.05)=   5 n80(a=.0125)=   7

========================================================================================================
(J) TOST size at the boundary |Delta| = delta (consumer risk), tau=40
========================================================================================================
nominal <= 0.05.  Checked under normal errors and under two empirical shapes.
cell            sigma P-a   normal  emp A4-pairs  sigma P-b   normal   emp D14
Zamba2 r2          0.0436   0.0486        0.0434     0.0459   0.0490    0.0375
Zamba2 r3          0.1815   0.0011        0.0004     0.1188   0.0057    0.0003
Granite r3         0.0587   0.0399        0.0411     0.0555   0.0425    0.1536
Granite r4         0.0382   0.0497        0.0467     0.0333   0.0497    0.0247
Granite r6         0.0669   0.0322        0.0289     0.0551   0.0432    0.0432

========================================================================================================
(K) how much of the A1->A4 gap must A3 close, as a function of delta
========================================================================================================
R3' fires when |mu(A3)-mu(A4)| < delta with 90% confidence.  In gap units that is
'A3 closed at least (1 - delta/gap) of the A1->A4 gap'.
  delta      Zamba2 r2      Zamba2 r3     Granite r3     Granite r4     Granite r6 |  designated n80@tau40  designated n80@tau60
   0.02          97.5%          97.4%          97.5%          97.8%          97.9% |                    33                    24
   0.05          93.7%          93.5%          93.8%          94.5%          94.6% |                     7                     6
   0.08          89.9%          89.7%          90.0%          91.2%          91.4% |                     4                     4
   0.10          87.4%          87.1%          87.6%          89.0%          89.3% |                     4                     3
   0.15          81.1%          80.6%          81.3%          83.5%          83.9% |                     3                     3
   0.19          76.0%          75.5%          76.3%          79.1%          79.6% |                     3                     3
   0.25          68.5%          67.7%          68.9%          72.5%          73.2% |                     3                     3

wrote /scratch/ehmoon/whlee/prefill-layer-alloc/workspace/engine-port/results/p1_gates/verify/g2_cliff_sensitivity.json
