
========================================================================================================
(A) fine tau sweep -- TOST power at true gap 0, delta=0.05, n=5, sigma = sqrt(2)*SD(A4)
========================================================================================================
cols per cell: A4 mean / sqrt(2)*SD(A4) / gap(A1-A4) / P(equiv|gap=0)
a cell is marked V (vacuous) when delta >= 0.25*gap, i.e. the band swallows >25% of the A1->A4 gap

 tau |                  Zamba2 r2 |                  Zamba2 r3 |                 Granite r3 |                 Granite r4 |                 Granite r6 | MIN pow designated pow
  28 |  0.857 0.0741 -0.020     V |  0.937 0.0245  0.008     V |  0.887 0.0350 -0.018     V |  0.927 0.0620  0.023     V |  0.635 0.3366  0.348 0.000 |  -1.000         -1.000
  29 |  0.857 0.0741 -0.020     V |  0.937 0.0245  0.008     V |  0.887 0.0350 -0.018     V |  0.927 0.0620  0.023     V |  0.628 0.3451  0.355 0.000 |  -1.000         -1.000
  30 |  0.857 0.0741 -0.020     V |  0.937 0.0245  0.008     V |  0.887 0.0350 -0.018     V |  0.927 0.0620  0.023     V |  0.623 0.3433  0.360 0.000 |  -1.000         -1.000
  31 |  0.848 0.0735 -0.012     V |  0.935 0.0227  0.010     V |  0.885 0.0357 -0.017     V |  0.922 0.0610  0.028     V |  0.623 0.3433  0.360 0.000 |  -1.000         -1.000
  32 |  0.847 0.0712 -0.010     V |  0.932 0.0193  0.013     V |  0.885 0.0357 -0.017     V |  0.922 0.0610  0.028     V |  0.623 0.3433  0.360 0.000 |  -1.000         -1.000
  33 |  0.803 0.0752  0.034     V |  0.918 0.0292  0.027     V |  0.883 0.0373 -0.015     V |  0.922 0.0610  0.028     V |  0.590 0.3753  0.393 0.000 |  -1.000         -1.000
  34 |  0.664 0.0939  0.173     V |  0.858 0.1150  0.087     V |  0.883 0.0373 -0.015     V |  0.920 0.0593  0.030     V |  0.573 0.3619  0.410 0.000 |  -1.000         -1.000
  35 |  0.332 0.1909  0.504 0.001 |  0.559 0.2521  0.386 0.000 |  0.868 0.0568  0.000     V |  0.915 0.0555  0.035     V |  0.573 0.3619  0.410 0.000 |  -1.000         -1.000
  36 |  0.101 0.1150  0.735 0.011 |  0.297 0.2521  0.648 0.000 |  0.728 0.2433  0.140     V |  0.852 0.1104  0.098     V |  0.545 0.3379  0.438 0.000 |  -1.000         -1.000
  37 |  0.059 0.0530  0.778 0.241 |  0.229 0.2169  0.716 0.001 |  0.195 0.1771  0.673 0.001 |  0.263 0.1393  0.687 0.005 |  0.187 0.1282  0.797 0.007 |   0.001          0.005
  38 |  0.047 0.0445  0.789 0.409 |  0.204 0.2321  0.741 0.000 |  0.088 0.0739  0.778 0.072 |  0.102 0.0669  0.848 0.108 |  0.113 0.1117  0.870 0.012 |   0.000          0.108
  39 |  0.047 0.0445  0.789 0.408 |  0.200 0.2390  0.745 0.000 |  0.077 0.0784  0.790 0.057 |  0.060 0.0367  0.890 0.624 |  0.073 0.1078  0.910 0.016 |   0.000          0.624
  40 |  0.044 0.0436  0.793 0.433 |  0.170 0.1815  0.775 0.001 |  0.063 0.0587  0.803 0.177 |  0.042 0.0382  0.908 0.584 |  0.052 0.0669  0.932 0.105 |   0.001          0.584
  41 |  0.044 0.0436  0.793 0.431 |  0.164 0.1697  0.781 0.002 |  0.042 0.0607  0.825 0.154 |  0.032 0.0452  0.918 0.393 |  0.038 0.0438  0.945 0.427 |   0.002          0.393
  42 |  0.044 0.0436  0.793 0.431 |  0.164 0.1697  0.781 0.002 |  0.012 0.0179  0.855 0.999 |  0.023 0.0305  0.927 0.822 |  0.030 0.0271  0.953 0.912 |   0.002          0.822
  43 |  0.044 0.0436  0.793 0.436 |  0.140 0.1925  0.805 0.001 |  0.010 0.0194  0.857 0.997 |  0.023 0.0305  0.927 0.822 |  0.023 0.0327  0.960 0.754 |   0.001          0.822
  44 |  0.044 0.0436  0.793 0.429 |  0.117 0.1695  0.828 0.002 |  0.010 0.0194  0.857 0.997 |  0.023 0.0305  0.927 0.823 |  0.023 0.0327  0.960 0.756 |   0.002          0.823
  45 |  0.044 0.0436  0.793 0.432 |  0.098 0.1679  0.846 0.002 |  0.010 0.0194  0.857 0.997 |  0.023 0.0305  0.927 0.820 |  0.023 0.0327  0.960 0.756 |   0.002          0.820
  46 |  0.044 0.0436  0.793 0.431 |  0.098 0.1679  0.846 0.002 |  0.010 0.0194  0.857 0.997 |  0.023 0.0305  0.927 0.822 |  0.023 0.0327  0.960 0.752 |   0.002          0.822
  47 |  0.042 0.0472  0.794 0.353 |  0.090 0.1456  0.855 0.004 |  0.010 0.0194  0.857 0.997 |  0.023 0.0305  0.927 0.822 |  0.023 0.0327  0.960 0.754 |   0.004          0.822
  48 |  0.042 0.0472  0.794 0.348 |  0.083 0.1411  0.861 0.005 |  0.010 0.0194  0.857 0.997 |  0.023 0.0305  0.927 0.820 |  0.013 0.0271  0.970 0.909 |   0.005          0.820
  49 |  0.042 0.0472  0.794 0.348 |  0.062 0.1481  0.883 0.004 |  0.010 0.0194  0.857 0.997 |  0.017 0.0323  0.933 0.763 |  0.013 0.0271  0.970 0.910 |   0.004          0.763
  50 |  0.042 0.0472  0.793 0.351 |  0.062 0.1481  0.883 0.003 |  0.010 0.0194  0.857 0.997 |  0.017 0.0323  0.933 0.769 |  0.013 0.0271  0.970 0.909 |   0.003          0.769
  51 |  0.042 0.0472  0.793 0.346 |  0.060 0.1480  0.885 0.003 |  0.010 0.0194  0.857 0.997 |  0.017 0.0323  0.933 0.770 |  0.013 0.0271  0.970 0.907 |   0.003          0.770
  52 |  0.042 0.0472  0.793 0.349 |  0.060 0.1480  0.885 0.003 |  0.010 0.0194  0.857 0.997 |  0.017 0.0323  0.933 0.767 |  0.013 0.0271  0.970 0.912 |   0.003          0.767
  53 |  0.042 0.0472  0.793 0.351 |  0.060 0.1480  0.885 0.003 |  0.010 0.0194  0.855 0.997 |  0.017 0.0323  0.933 0.767 |  0.013 0.0271  0.970 0.909 |   0.003          0.767
  54 |  0.042 0.0472  0.793 0.346 |  0.060 0.1480  0.885 0.003 |  0.010 0.0194  0.855 0.997 |  0.017 0.0323  0.933 0.765 |  0.013 0.0271  0.970 0.908 |   0.003          0.765
  55 |  0.042 0.0472  0.793 0.346 |  0.015 0.0360  0.930 0.648 |  0.010 0.0194  0.855 0.997 |  0.017 0.0323  0.933 0.767 |  0.013 0.0271  0.970 0.909 |   0.346          0.767
  56 |  0.037 0.0345  0.798 0.701 |  0.015 0.0360  0.930 0.649 |  0.010 0.0194  0.852 0.997 |  0.017 0.0323  0.933 0.769 |  0.013 0.0271  0.970 0.910 |   0.649          0.769
  57 |  0.037 0.0345  0.798 0.700 |  0.015 0.0360  0.930 0.649 |  0.010 0.0194  0.850 0.997 |  0.017 0.0323  0.933 0.765 |  0.013 0.0271  0.970 0.908 |   0.649          0.765
  58 |  0.037 0.0345  0.798 0.700 |  0.015 0.0360  0.930 0.649 |  0.010 0.0194  0.848 0.997 |  0.017 0.0323  0.933 0.771 |  0.013 0.0271  0.970 0.911 |   0.649          0.771
  59 |  0.037 0.0345  0.798 0.698 |  0.015 0.0360  0.930 0.643 |  0.010 0.0194  0.848 0.997 |  0.017 0.0323  0.933 0.771 |  0.013 0.0271  0.970 0.911 |   0.643          0.771
  60 |  0.037 0.0345  0.798 0.700 |  0.015 0.0360  0.930 0.651 |  0.010 0.0194  0.848 0.997 |  0.017 0.0323  0.933 0.767 |  0.013 0.0271  0.970 0.910 |   0.651          0.767
  61 |  0.037 0.0345  0.798 0.701 |  0.015 0.0360  0.930 0.647 |  0.010 0.0194  0.848 0.997 |  0.017 0.0323  0.932 0.767 |  0.013 0.0271  0.970 0.912 |   0.647          0.767
  62 |  0.037 0.0345  0.798 0.694 |  0.015 0.0360  0.930 0.645 |  0.010 0.0194  0.848 0.997 |  0.017 0.0323  0.932 0.769 |  0.013 0.0271  0.970 0.909 |   0.645          0.769
  63 |  0.037 0.0345  0.798 0.703 |  0.013 0.0362  0.931 0.640 |  0.010 0.0194  0.848 0.997 |  0.017 0.0323  0.932 0.768 |  0.013 0.0271  0.970 0.911 |   0.640          0.768
  64 |  0.037 0.0345  0.798 0.698 |  0.013 0.0362  0.931 0.645 |  0.010 0.0194  0.848 0.997 |  0.017 0.0323  0.930 0.772 |  0.013 0.0271  0.970 0.911 |   0.645          0.772
  65 |  0.037 0.0345  0.798 0.696 |  0.013 0.0362  0.931 0.646 |  0.010 0.0194  0.845 0.996 |  0.017 0.0323  0.930 0.769 |  0.013 0.0271  0.968 0.912 |   0.646          0.769
  66 |  0.037 0.0345  0.798 0.700 |  0.012 0.0372  0.933 0.611 |  0.010 0.0194  0.800 0.997 |  0.017 0.0323  0.892 0.770 |  0.013 0.0271  0.962 0.912 |   0.611          0.770
  67 |  0.034 0.0349  0.799 0.684 |  0.012 0.0372  0.933 0.609 |  0.010 0.0194  0.593 0.996 |  0.017 0.0323  0.805 0.770 |  0.013 0.0271  0.952 0.908 |   0.609          0.770
  68 |  0.034 0.0349  0.799 0.686 |  0.012 0.0372  0.933 0.610 |  0.010 0.0194  0.503 0.997 |  0.017 0.0323  0.737 0.767 |  0.013 0.0271  0.932 0.908 |   0.610          0.767
  69 |  0.034 0.0349  0.799 0.683 |  0.012 0.0372  0.933 0.608 |  0.010 0.0194  0.472 0.997 |  0.017 0.0323  0.693 0.764 |  0.013 0.0271  0.908 0.910 |   0.608          0.764
  70 |  0.034 0.0349  0.799 0.686 |  0.012 0.0372  0.933 0.611 |  0.010 0.0194  0.470 0.997 |  0.017 0.0323  0.678 0.769 |  0.013 0.0271  0.898 0.908 |   0.611          0.769
  71 |  0.027 0.0244  0.806 0.960 |  0.012 0.0372  0.933 0.612 |  0.010 0.0194  0.457 0.997 |  0.017 0.0323  0.673 0.767 |  0.013 0.0271  0.892 0.906 |   0.612          0.767
  72 |  0.027 0.0244  0.806 0.959 |  0.012 0.0372  0.933 0.614 |  0.010 0.0194  0.457 0.997 |  0.017 0.0323  0.670 0.768 |  0.013 0.0271  0.892 0.911 |   0.614          0.768
  73 |  0.027 0.0244  0.806 0.959 |  0.012 0.0372  0.933 0.610 |  0.010 0.0194  0.457 0.996 |  0.017 0.0323  0.670 0.768 |  0.013 0.0271  0.890 0.910 |   0.610          0.768
  74 |  0.027 0.0244  0.806 0.960 |  0.012 0.0372  0.933 0.612 |  0.010 0.0194  0.457 0.996 |  0.017 0.0323  0.670 0.770 |  0.013 0.0271  0.890 0.909 |   0.612          0.770
  75 |  0.027 0.0244  0.806 0.960 |  0.012 0.0372  0.933 0.614 |  0.010 0.0194  0.457 0.997 |  0.017 0.0323  0.670 0.768 |  0.013 0.0271  0.890 0.909 |   0.614          0.768
  76 |  0.027 0.0244  0.806 0.959 |  0.012 0.0372  0.933 0.610 |  0.010 0.0194  0.457 0.997 |  0.017 0.0323  0.670 0.769 |  0.013 0.0271  0.888 0.909 |   0.610          0.769
  77 |  0.027 0.0244  0.806 0.961 |  0.012 0.0372  0.933 0.613 |  0.010 0.0194  0.457 0.997 |  0.017 0.0323  0.670 0.767 |  0.013 0.0271  0.887 0.910 |   0.613          0.767
  78 |  0.027 0.0244  0.806 0.959 |  0.012 0.0372  0.933 0.610 |  0.010 0.0194  0.457 0.997 |  0.017 0.0323  0.670 0.768 |  0.013 0.0271  0.887 0.911 |   0.610          0.768
  79 |  0.027 0.0244  0.806 0.958 |  0.012 0.0372  0.933 0.611 |  0.010 0.0194  0.457 0.997 |  0.017 0.0323  0.670 0.768 |  0.013 0.0271  0.887 0.906 |   0.611          0.768
  80 |  0.027 0.0244  0.806 0.960 |  0.012 0.0372  0.933 0.609 |  0.010 0.0194  0.457 0.997 |  0.017 0.0323  0.670 0.768 |  0.013 0.0271  0.887 0.911 |   0.609          0.768

best tau by MIN-over-5-cells power  : tau = 60  (min power 0.651, designated 0.767)
best tau by DESIGNATED-cell power   : tau = 44  (designated 0.823, min 0.002)
prereg choice tau=40                : min power 0.001, designated 0.584

========================================================================================================
(B) metric cliff -- where does per-request max(ITL) actually live?  (5 reps pooled)
========================================================================================================
If tau sits on a mode of the max-ITL distribution, a 1ms move in tau (or any 1ms
perturbation of the engine) moves X a lot -> maximal rep-to-rep variance.

cell           arm         [25,30)   [30,35)   [35,40)   [40,45)   [45,50)   [50,55)   [55,60)   [60,65)   [65,70)     >=70 |  dX/dtau@40  dX/dtau@50  dX/dtau@60
Zamba2 r2      agnostic     0.0034    0.5253    0.2879    0.0000    0.0017    0.0000    0.0051    0.0000    0.0034   0.0337 |    -0.00084    -0.00000    -0.00000
Zamba2 r2      plain        0.0000    0.0000    0.0000    0.0000    0.0017    0.0000    0.0000    0.0000    0.0017   0.8333 |    -0.00000    -0.00042    -0.00000
Zamba2 r3      agnostic     0.0067    0.3773    0.3890    0.0718    0.0367    0.0467    0.0000    0.0017    0.0017   0.0117 |    -0.01002    -0.00584    -0.00000
Zamba2 r3      plain        0.0000    0.0000    0.0000    0.0000    0.0000    0.0000    0.0000    0.0000    0.0000   0.9449 |    -0.00000    -0.00000    -0.00000
Granite r3     agnostic     0.0000    0.0183    0.8050    0.0533    0.0000    0.0000    0.0000    0.0000    0.0000   0.0100 |    -0.01917    -0.00000    -0.00000
Granite r3     plain        0.0000    0.0000    0.0017    0.0000    0.0000    0.0017    0.0067    0.0033    0.3750   0.4800 |    -0.00000    -0.00000    -0.00000
Granite r4     agnostic     0.0000    0.0117    0.8733    0.0183    0.0067    0.0000    0.0000    0.0000    0.0000   0.0167 |    -0.01958    -0.00167    -0.00000
Granite r4     plain        0.0000    0.0000    0.0000    0.0000    0.0000    0.0000    0.0000    0.0033    0.2517   0.6950 |    -0.00000    -0.00000    -0.00042
Granite r6     agnostic     0.0233    0.0500    0.5217    0.0283    0.0100    0.0000    0.0000    0.0000    0.0000   0.0133 |    -0.02083    -0.00000    -0.00000
Granite r6     plain        0.0000    0.0000    0.0000    0.0000    0.0000    0.0000    0.0000    0.0017    0.0700   0.9117 |    -0.00000    -0.00000    -0.00000

(dX/dtau is per ms, averaged over a +-2ms window; more negative = steeper cliff)

========================================================================================================
(C) Holm-adjusted TOST power for the 4 replication cells (prereg §5.3)
========================================================================================================
Holm over the 4 replication cells: the most extreme test is compared at alpha/4.
Reported = power at the WORST (alpha/4) and BEST (alpha/1) Holm step, gap=0, n=5, tau=40.
cell             sigma   a=.050   a=.025  a=.0167  a=.0125
Zamba2 r2       0.0436    0.431    0.238    0.165    0.125
Zamba2 r3       0.1815    0.001    0.000    0.000    0.000
Granite r3      0.0587    0.174    0.081    0.050    0.037
Granite r4      0.0382    0.582    0.358    0.257    0.201
Granite r6      0.0669    0.110    0.047    0.030    0.021

========================================================================================================
(D) floor degeneracy -- does A4's discreteness break the paired t interval?
========================================================================================================
X lives on the lattice 1/120 = 0.008333.  delta=0.05 = exactly 6 lattice steps.
Null resample: draw BOTH arms' 5 rep values iid from the observed A4 rep vector
(exchangeability null, true gap 0) and score the paired-t TOST on the lattice.
cell            tau  A4 n0  P(SD=0)  P(equiv)  P(equiv|SD=0)
Zamba2 r2        40      0   0.0002    0.5109         1.0000
Zamba2 r2        45      0   0.0002    0.5104         0.9545
Zamba2 r2        50      1   0.0003    0.4537         1.0000
Zamba2 r2        60      1   0.0002    0.8006         1.0000
Zamba2 r3        40      1   0.0003    0.0047         1.0000
Zamba2 r3        45      2   0.0019    0.0149         0.9840
Zamba2 r3        50      3   0.0161    0.0868         0.9988
Zamba2 r3        60      3   0.0161    0.7416         0.9988
Granite r3       40      0   0.0005    0.2029         0.9787
Granite r3       45      2   0.0064    1.0000         1.0000
Granite r3       50      2   0.0063    1.0000         1.0000
Granite r3       60      2   0.0064    1.0000         1.0000
Granite r4       40      0   0.0017    0.6927         1.0000
Granite r4       45      2   0.0061    0.9595         1.0000
Granite r4       50      3   0.0389    0.8909         1.0000
Granite r4       60      3   0.0407    0.8905         1.0000
Granite r6       40      1   0.0003    0.1215         1.0000
Granite r6       45      2   0.0017    0.9008         0.9940
Granite r6       50      3   0.0168    0.9887         1.0000
Granite r6       60      3   0.0166    0.9885         1.0000

========================================================================================================
(E) the Zamba2 r3 rep that drives sigma up 5x at tau=40
========================================================================================================
arm        rep    X_35    X_40    X_45    X_50    X_60   medMax   p90Max   p99Max    maxMax   dur_s
agnostic     1  0.8167  0.2833  0.2833  0.2417  0.0167   36.706   54.219   60.736     65.01   33.96
agnostic     2  0.5167  0.3083  0.1417  0.0000  0.0000   35.037   48.007   48.084     48.09   42.70
agnostic     3  0.3750  0.0000  0.0000  0.0000  0.0000   34.570   37.779   38.003     38.05   41.07
agnostic     4  0.4333  0.1000  0.0000  0.0000  0.0000   34.579   36.881   42.465     42.50   46.51
agnostic     5  0.6555  0.1597  0.0672  0.0672  0.0588   35.346   44.650  109.360    109.38   41.02
plain        1  0.9750  0.9750  0.9750  0.9750  0.9750  308.283 1053.482 1053.765   1053.80   33.74
plain        2  0.9417  0.9417  0.9417  0.9417  0.9417  242.538  993.827 1280.941   1281.09   42.58
plain        3  0.9417  0.9417  0.9417  0.9417  0.9417  239.965  649.103  808.098    808.32   40.94
plain        4  0.9083  0.9083  0.9083  0.9083  0.9083  226.963  570.161  785.676    785.77   46.39
plain        5  0.9580  0.9580  0.9580  0.9580  0.9580  157.336  721.272 1158.886   1159.89   41.41

========================================================================================================
(F) required n at the tau that the power criterion prefers
========================================================================================================
tau=40: Zamba2 r2: sig 0.0436 n80(g=0)=9 n80(g=.01)=10   Zamba2 r3: sig 0.1815 n80(g=0)=None n80(g=.01)=None   Granite r3: sig 0.0587 n80(g=0)=14 n80(g=.01)=16   Granite r4: sig 0.0382 n80(g=0)=7 n80(g=.01)=8   Granite r6: sig 0.0669 n80(g=0)=17 n80(g=.01)=20
tau=45: Zamba2 r2: sig 0.0436 n80(g=0)=9 n80(g=.01)=10   Zamba2 r3: sig 0.1679 n80(g=0)=None n80(g=.01)=None   Granite r3: sig 0.0194 n80(g=0)=4 n80(g=.01)=4   Granite r4: sig 0.0305 n80(g=0)=5 n80(g=.01)=6   Granite r6: sig 0.0327 n80(g=0)=6 n80(g=.01)=6
tau=50: Zamba2 r2: sig 0.0472 n80(g=0)=10 n80(g=.01)=11   Zamba2 r3: sig 0.1481 n80(g=0)=None n80(g=.01)=None   Granite r3: sig 0.0194 n80(g=0)=4 n80(g=.01)=4   Granite r4: sig 0.0323 n80(g=0)=6 n80(g=.01)=6   Granite r6: sig 0.0271 n80(g=0)=5 n80(g=.01)=5
tau=60: Zamba2 r2: sig 0.0345 n80(g=0)=6 n80(g=.01)=7   Zamba2 r3: sig 0.0360 n80(g=0)=7 n80(g=.01)=7   Granite r3: sig 0.0194 n80(g=0)=4 n80(g=.01)=4   Granite r4: sig 0.0323 n80(g=0)=6 n80(g=.01)=6   Granite r6: sig 0.0271 n80(g=0)=5 n80(g=.01)=5

wrote /scratch/ehmoon/whlee/prefill-layer-alloc/workspace/engine-port/results/p1_gates/verify/g2_tau_choice.json
