### TABLE 1 -- canonical predicate (T=60ms), n=5 paired reps
cell                             eff%  signs            boot CI95               t CI95     p_t  p_perm  verdict change
granite-40-h-micro r2           +3.37    3/5 [+0.0008,+0.1732] [-0.0858,+0.2143]  0.3003  0.2500boot YES -> t NO
granite-40-h-micro r3          +11.65    5/5 [+0.1409,+0.5149] [-0.0032,+0.6132]  0.0515  0.0625boot YES -> t NO
granite-40-h-micro r4          +27.04    5/5 [+0.4972,+1.2649] [+0.2027,+1.4758]  0.0216  0.0625           agree
granite-40-h-micro r6         +174.92    5/5 [+2.6814,+4.5919] [+1.9709,+5.1001]  0.0033  0.0625           agree
zamba2-27b r2                  +40.50    5/5 [+0.4310,+0.6198] [+0.3820,+0.6826]  0.0006  0.0625           agree
zamba2-27b r3                 +185.84    5/5 [+1.4844,+2.4065] [+1.1733,+2.6620]  0.0020  0.0625           agree
zamba2-27b r4                 +501.03    5/5 [+2.1767,+3.2970] [+1.9447,+3.6844]  0.0009  0.0625           agree
zamba2-27b r6                 +634.06    5/5 [+0.9685,+1.8802] [+0.6826,+2.1178]  0.0056  0.0625           agree

### TABLE 2 -- C-3 ladder: sign and vacuity
cell                         sign@40..100 sign@150 sign@300 flip T(ms) both-arm ITL-viol=0 above  viol@300 (p/a)
granite-40-h-micro r2                   +        +        +       none                     80.19             1/1
granite-40-h-micro r3                   +        -        -      113.5                    113.28             0/0
granite-40-h-micro r4                   +        -        -      113.0                    126.95             0/0
granite-40-h-micro r6                   +        +        -      177.0                    207.67             0/0
zamba2-27b r2                           +        -        -      114.0                    113.61             6/6
zamba2-27b r3                           +        +        +       none                    301.49             6/1
zamba2-27b r4                           +        +        +       none                    435.26           92/18
zamba2-27b r6                           +        +        +       none                    673.66         339/187

### TABLE 3 -- ladder cells where the two intervals disagree
  granite-40-h-micro   r2 T=   40  eff   +23.83%  boot[+0.1712,+0.7052]  t[-0.0623,+0.8198]  (boot fires, t does not)
  granite-40-h-micro   r2 T=   48  eff   +23.83%  boot[+0.1712,+0.7052]  t[-0.0623,+0.8198]  (boot fires, t does not)
  granite-40-h-micro   r2 T=   50  eff   +23.83%  boot[+0.1712,+0.7052]  t[-0.0623,+0.8198]  (boot fires, t does not)
  granite-40-h-micro   r2 T=   60  eff    +3.37%  boot[+0.0008,+0.1732]  t[-0.0858,+0.2143]  (boot fires, t does not)
  granite-40-h-micro   r3 T=   60  eff   +11.65%  boot[+0.1409,+0.5149]  t[-0.0032,+0.6132]  (boot fires, t does not)
  granite-40-h-micro   r4 T=   80  eff    +4.26%  boot[+0.0611,+0.3097]  t[-0.0447,+0.3666]  (boot fires, t does not)
  granite-40-h-micro   r6 T=  300  eff    -2.55%  boot[-0.2732,-0.0315]  t[-0.3393,+0.0487]  (boot fires, t does not)
  zamba2-27b           r3 T=  150  eff    +9.72%  boot[+0.0368,+0.6441]  t[-0.2662,+0.7888]  (boot fires, t does not)
  zamba2-27b           r4 T=  300  eff   +14.69%  boot[+0.0005,+0.9884]  t[-0.3184,+1.3007]  (boot fires, t does not)
  zamba2-27b           r6 T=   40  eff  +134.52%  boot[+0.0025,+0.5350]  t[-0.1450,+0.6788]  (boot fires, t does not)
  zamba2-27b           r6 T=  300  eff   +61.61%  boot[+0.0356,+2.0337]  t[-0.4098,+2.7740]  (boot fires, t does not)
  -> 11/64 ladder cells disagree; all in the direction 'bootstrap fires, t does not'
