/apps/applications/Miniconda/25.11.1/envs/pytorch_2.9.1_cuda13/lib/python3.14/site-packages/torch/cuda/__init__.py:63: FutureWarning: The pynvml package is deprecated. Please install nvidia-ml-py instead. If you did not install pynvml directly, please report this to the maintainers of the package that installed pynvml for you.
  import pynvml  # type: ignore[import]
/scratch/ehmoon/whlee/sglang_engine_dev/python/sglang/launch_server.py:51: UserWarning: 'python -m sglang.launch_server' is still supported, but 'sglang serve' is the recommended entrypoint.
  Example: sglang serve --model-path <model> [options]
  warnings.warn(
Traceback (most recent call last):
  File "<frozen runpy>", line 198, in _run_module_as_main
  File "<frozen runpy>", line 88, in _run_code
  File "/scratch/ehmoon/whlee/sglang_engine_dev/python/sglang/launch_server.py", line 59, in <module>
    server_args = prepare_server_args(sys.argv[1:])
  File "/scratch/ehmoon/whlee/sglang_engine_dev/python/sglang/srt/server_args.py", line 6539, in prepare_server_args
    return ServerArgs.from_cli_args(raw_args)
           ~~~~~~~~~~~~~~~~~~~~~~~~^^^^^^^^^^
  File "/scratch/ehmoon/whlee/sglang_engine_dev/python/sglang/srt/server_args.py", line 5975, in from_cli_args
    return cls(**{attr: getattr(args, attr) for attr in attrs})
  File "<string>", line 352, in __init__
  File "/scratch/ehmoon/whlee/sglang_engine_dev/python/sglang/srt/server_args.py", line 778, in __post_init__
    self._handle_piecewise_cuda_graph()
    ~~~~~~~~~~~~~~~~~~~~~~~~~~~~~~~~~^^
  File "/scratch/ehmoon/whlee/sglang_engine_dev/python/sglang/srt/server_args.py", line 1086, in _handle_piecewise_cuda_graph
    if self.get_model_config().is_piecewise_cuda_graph_disabled_model:
       ~~~~~~~~~~~~~~~~~~~~~^^
  File "/scratch/ehmoon/whlee/sglang_engine_dev/python/sglang/srt/server_args.py", line 6025, in get_model_config
    self.model_config = ModelConfig.from_server_args(self)
                        ~~~~~~~~~~~~~~~~~~~~~~~~~~~~^^^^^^
  File "/scratch/ehmoon/whlee/sglang_engine_dev/python/sglang/srt/configs/model_config.py", line 270, in from_server_args
    return ModelConfig(
        model_path=model_path or server_args.model_path,
    ...<17 lines>...
        **kwargs,
    )
  File "/scratch/ehmoon/whlee/sglang_engine_dev/python/sglang/srt/configs/model_config.py", line 219, in __init__
    self._derive_context_length(context_length)
    ~~~~~~~~~~~~~~~~~~~~~~~~~~~^^^^^^^^^^^^^^^^
  File "/scratch/ehmoon/whlee/sglang_engine_dev/python/sglang/srt/configs/model_config.py", line 402, in _derive_context_length
    raise ValueError(
        f"{msg} To allow overriding this maximum, set the env var SGLANG_ALLOW_OVERWRITE_LONGER_CONTEXT_LEN=1"
    )
ValueError: Warning: User-specified context_length (8512) is greater than the derived context_length (4096). This may lead to incorrect model outputs or CUDA errors. Note that the derived context_length may differ from max_position_embeddings in the model's config. To allow overriding this maximum, set the env var SGLANG_ALLOW_OVERWRITE_LONGER_CONTEXT_LEN=1
